// Jest Snapshot v1, https://goo.gl/fbAQLP

exports[`Loader renders snapshot 1`] = `
<img
  alt="data is loading"
  className="img-0-2-1"
  src="https://imgur.com/zZ1whKT.gif"
/>
`;
