// Jest Snapshot v1, https://goo.gl/fbAQLP

exports[`Header renders snapshot 1`] = `
<div
  className="root-0-2-1"
>
  <h2 />
</div>
`;
