// Jest Snapshot v1, https://goo.gl/fbAQLP

exports[`ErrorView renders snapshot 1`] = `
<div
  style={
    Object {
      "color": "#ff5b5b",
      "wordBreak": "break-all",
    }
  }
/>
`;
