// Jest Snapshot v1, https://goo.gl/fbAQLP

exports[`FieldDisplay renders snapshot 1`] = `<div />`;
